ImportError: cannot import name 'get_db_dependency' from partially initialized module 'app.main' (most likely due to a circular import) (/Users/diegoramirez/Documents/knowledge-extraction-api/app/main.py)